WARNING: Using incubator modules: jdk.incubator.vector
26/10/10 01:05:14 WARN NativeCodeLoader: Unable to load native-hadoop library for your platform... using builtin-java classes where applicable
Using Spark's default log4j profile: org/apache/spark/log4j2-defaults.properties
Setting default log level to "WARN".
To adjust logging level use sc.setLogLevel(newLevel). For SparkR, use setLogLevel(newLevel).
26/10/10 01:05:18 WARN SparkStringUtils: Truncated the string representation of a plan since it was too large. This behavior can be adjusted by setting 'spark.sql.debug.maxToStringFields'.
Traceback (most recent call last):
  File "/private/tmp/ashlar-indexed-commerce-runtime-12dd-20261010-a/tools/run_indexed_commerce_weft.py", line 115, in <module>
    if __name__=='__main__':main()
  File "/private/tmp/ashlar-indexed-commerce-runtime-12dd-20261010-a/tools/run_indexed_commerce_weft.py", line 111, in main
    run(index=a.index,installation=a.installation,publication=a.publication,source=a.umf_source,jars=a.jars,output=a.output,
  File "/private/tmp/ashlar-indexed-commerce-runtime-12dd-20261010-a/tools/run_indexed_commerce_weft.py", line 69, in run
    with open_commerce_reader(spark,publication) as opened:
  File "/Library/Developer/CommandLineTools/Library/Frameworks/Python3.framework/Versions/3.9/lib/python3.9/contextlib.py", line 117, in __enter__
    return next(self.gen)
  File "/private/tmp/ashlar-indexed-commerce-runtime-12dd-20261010-a/tools/run_commerce_publication_weft.py", line 239, in open_commerce_reader
    transport=ReadOnlyTransport.open(spark,publication/'operations.sqlite','private-original-commerce',targets,policy)
  File "/private/tmp/ashlar-indexed-commerce-runtime-12dd-20261010-a/tools/run_commerce_publication_weft.py", line 107, in open
    return Reader(spark,journal,installation,targets,policy,capacity=capacity)
  File "/private/tmp/ashlar-indexed-commerce-runtime-12dd-20261010-a/tools/local_delta_custody.py", line 82, in __init__
    self._open(spark,journal_path,installation_id,targets,policy,create=False,context=None,capacity=capacity)
  File "/private/tmp/ashlar-indexed-commerce-runtime-12dd-20261010-a/tools/local_delta_custody.py", line 142, in _open
    self._journal(registry,create=False)
  File "/private/tmp/ashlar-indexed-commerce-runtime-12dd-20261010-a/tools/run_commerce_publication_weft.py", line 104, in _journal
    if self.db.execute('SELECT original FROM local_installation WHERE id=1').fetchall()!=[(registry,)]:raise LocalDeltaError('Original journal registration differs')
sqlite3.OperationalError: unable to open database file
