{
  "checks": [
    "SUP001 corrected cleanup first cancellation exact",
    "cleanup still attempts streams and wait",
    "preexisting cancellation preserved by disposal",
    "SUP002 corrected selector exit original cancellation identity",
    "selector cancellation replacement still disposes child",
    "SUP003 corrected leader-exited group killed",
    "control failure allocates fresh cleanup window",
    "expired explicit disposal deadline does not refresh",
    "busy invocation refuses without touching process",
    "transport completion restores only original whole deadline",
    "reject oversize length",
    "reject duplicate response member",
    "reject active transport final without completion",
    "reject nested transport begin",
    "reject completion without begin",
    "reject per-request deadline exceeds whole",
    "reject finite progress cap",
    "partial pipe reads and writes round trip",
    "updated parent context forwarded only at start",
    "concurrent disposal threads completed",
    "reproduced concurrent reap precedes effective kill",
    "all11 inspected owner tests pass",
    "all reviewed source dependency test docs and snapshot hashes unchanged"
  ],
  "observations": [
    {
      "case": "cleanup_late_cancellation",
      "expected": "original KeyboardInterrupt",
      "identity_preserved": true,
      "observed": "KeyboardInterrupt"
    },
    {
      "case": "selector_cleanup_preserves_primary",
      "expected": "original KeyboardInterrupt",
      "identity_preserved": true,
      "observed": "KeyboardInterrupt"
    },
    {
      "case": "leader_exited_group_alive",
      "fake_group_survives": false,
      "killpg_calls": 1,
      "qualification": "Fake child group model; no real descendant process spawned and no claim current SDK actually creates descendants.",
      "shutdown_loss_complete": true
    },
    {
      "case": "control_timeout_cleanup_window",
      "qualification": "Shutdown explicit deadline does not refresh; startup/control disposal has an additional hard-coded two-second ceiling.",
      "reap_timeout_after_request_deadline": 2.0,
      "request_deadline": 10.1
    },
    {
      "case": "concurrent_disposal_order",
      "order": [
        "kill_entered",
        "reap",
        "kill_completed",
        "reap"
      ],
      "qualification": "Fake delayed killpg models scheduling before the kernel group action; no numeric PID reuse or actual unrelated process was tested."
    }
  ]
}
