{
  "checks": [
    "request bounded",
    "request bounded",
    "request bounded",
    "request bounded",
    "private settings absent in payload",
    "no unknown protobuf fields",
    "private settings absent in payload",
    "no unknown protobuf fields",
    "private settings absent in payload",
    "private settings absent in payload",
    "private settings absent in payload",
    "private settings absent in payload",
    "private settings absent in payload",
    "no unknown protobuf fields",
    "private settings absent in payload",
    "private settings absent in payload",
    "private settings absent in payload",
    "private settings absent in payload",
    "private settings absent in payload",
    "no unknown protobuf fields",
    "no duplicate attribute keys",
    "no duplicate attribute keys",
    "reproduced absent Resource schema URL",
    "reproduced invented source timestamp",
    "reproduced omitted schema attribute",
    "reproduced span catalog name mismatch",
    "reproduced omitted required span attributes",
    "actual log flags exact",
    "corrected native span low8 flags",
    "span failure status no description/events",
    "span interval positive",
    "exact queue close accounting",
    "untraced event admitted by C006 validator",
    "reproduced no untraced worker path",
    "privacy rejection before SDK admission",
    "request bounded",
    "request bounded",
    "request bounded",
    "request bounded",
    "private settings absent in payload",
    "no unknown protobuf fields",
    "private settings absent in payload",
    "no unknown protobuf fields",
    "private settings absent in payload",
    "private settings absent in payload",
    "request bounded",
    "request bounded",
    "request bounded",
    "request bounded",
    "request bounded",
    "request bounded",
    "request bounded",
    "request bounded",
    "request bounded",
    "request bounded",
    "request bounded",
    "request bounded",
    "request bounded",
    "request bounded",
    "request bounded",
    "request bounded",
    "request bounded",
    "request bounded",
    "request bounded",
    "private settings absent in payload",
    "private settings absent in payload",
    "private settings absent in payload",
    "private settings absent in payload",
    "private settings absent in payload",
    "private settings absent in payload",
    "private settings absent in payload",
    "private settings absent in payload",
    "private settings absent in payload",
    "private settings absent in payload",
    "private settings absent in payload",
    "private settings absent in payload",
    "private settings absent in payload",
    "no unknown protobuf fields",
    "private settings absent in payload",
    "no unknown protobuf fields",
    "private settings absent in payload",
    "no unknown protobuf fields",
    "private settings absent in payload",
    "no unknown protobuf fields",
    "private settings absent in payload",
    "no unknown protobuf fields",
    "private settings absent in payload",
    "no unknown protobuf fields",
    "private settings absent in payload",
    "retry root no parent",
    "full link flags preserved",
    "link remote bits preserved",
    "links contain no attributes/tracestate",
    "retry root no parent",
    "full link flags preserved",
    "link remote bits preserved",
    "links contain no attributes/tracestate",
    "retry root no parent",
    "full link flags preserved",
    "link remote bits preserved",
    "links contain no attributes/tracestate",
    "retry root no parent",
    "full link flags preserved",
    "link remote bits preserved",
    "links contain no attributes/tracestate",
    "retry root no parent",
    "full link flags preserved",
    "link remote bits preserved",
    "links contain no attributes/tracestate",
    "retry root no parent",
    "full link flags preserved",
    "link remote bits preserved",
    "links contain no attributes/tracestate",
    "metric occupied slot counts point drop",
    "request bounded",
    "request bounded",
    "request bounded",
    "request bounded",
    "request bounded",
    "request bounded",
    "request bounded",
    "request bounded",
    "request bounded",
    "request bounded",
    "request bounded",
    "private settings absent in payload",
    "no unknown protobuf fields",
    "private settings absent in payload",
    "private settings absent in payload",
    "private settings absent in payload",
    "private settings absent in payload",
    "private settings absent in payload",
    "private settings absent in payload",
    "private settings absent in payload",
    "private settings absent in payload",
    "private settings absent in payload",
    "private settings absent in payload",
    "no unknown protobuf fields",
    "counter exact name unit monotonic cumulative",
    "integer point no exemplars/histogram",
    "no duplicate attribute keys",
    "metric closed dimension names/types",
    "metric finite ordered time",
    "counter exact name unit monotonic cumulative",
    "integer point no exemplars/histogram",
    "no duplicate attribute keys",
    "metric closed dimension names/types",
    "metric finite ordered time",
    "cumulative measurement not reset on drop",
    "metric point accounting separate from values",
    "reservation retained in send",
    "inflight newest dropped exact units",
    "no runtime stdout/stderr disclosure",
    "inputs remained byte-identical"
  ],
  "observations": [
    {
      "absent_source_timestamp_became_observed": true,
      "actual_flags": 3,
      "case": "exact_mapping",
      "log_flags": 3,
      "log_schema_attribute_present": false,
      "loss": {
        "logs": {
          "dropped": 0,
          "flush": "complete",
          "handed_off": 2,
          "submitted": 2,
          "unknown": false
        },
        "metrics": {
          "dropped": 0,
          "flush": "complete",
          "handed_off": 1,
          "submitted": 1,
          "unknown": false
        },
        "spans": {
          "dropped": 0,
          "flush": "complete",
          "handed_off": 1,
          "submitted": 1,
          "unknown": false
        }
      },
      "resource_schema_urls": [
        "",
        "",
        ""
      ],
      "span_attributes": {
        "ashlar.attempt.id": [
          "string_value",
          "bbbbbbbbbbbbbbbbbbbbbbbbbbbbbbbb"
        ],
        "ashlar.operation": [
          "string_value",
          "publication"
        ],
        "ashlar.outcome": [
          "string_value",
          "failed"
        ]
      },
      "span_flags": 259,
      "span_name": "publication"
    },
    {
      "case": "untraced_event",
      "contract_valid": true,
      "worker_rejected": true
    },
    {
      "case": "retry_flags",
      "passed": true,
      "tested": [
        0,
        1,
        2,
        3,
        254,
        255
      ]
    },
    {
      "case": "metric_snapshot",
      "loss": {
        "dropped": 1,
        "flush": "complete",
        "handed_off": 2,
        "submitted": 3,
        "unknown": false
      },
      "values": [
        1,
        3
      ]
    }
  ]
}
