{
  "checks": [
    "request bounded",
    "request bounded",
    "request bounded",
    "request bounded",
    "private settings absent in payload",
    "no unknown protobuf fields",
    "private settings absent in payload",
    "no unknown protobuf fields",
    "private settings absent in payload",
    "private settings absent in payload",
    "private settings absent in payload",
    "private settings absent in payload",
    "private settings absent in payload",
    "no unknown protobuf fields",
    "private settings absent in payload",
    "private settings absent in payload",
    "private settings absent in payload",
    "private settings absent in payload",
    "private settings absent in payload",
    "no unknown protobuf fields",
    "no duplicate attribute keys",
    "no duplicate attribute keys",
    "corrected Resource schema URLs exact",
    "corrected absent source timestamp omitted",
    "corrected log attribute names values primitive types exact",
    "corrected span catalog name exact",
    "corrected failure span attributes exact",
    "no duplicate attribute keys",
    "six Resource attributes exact values and types",
    "instrumentation scope exact no extra attributes",
    "no duplicate attribute keys",
    "six Resource attributes exact values and types",
    "instrumentation scope exact no extra attributes",
    "no duplicate attribute keys",
    "six Resource attributes exact values and types",
    "instrumentation scope exact no extra attributes",
    "log exact catalog severity event body observed time",
    "log optional source timestamp exact",
    "no duplicate attribute keys",
    "log all admitted attrs plus schema marker exact",
    "log no dropped attributes",
    "log exact catalog severity event body observed time",
    "log optional source timestamp exact",
    "no duplicate attribute keys",
    "log all admitted attrs plus schema marker exact",
    "log no dropped attributes",
    "span Internal root exact context no extras",
    "actual log flags exact",
    "corrected native span low8 flags",
    "span failure status no description/events",
    "span interval positive",
    "exact queue close accounting",
    "untraced event admitted by C006 validator",
    "reproduced no untraced worker path",
    "privacy rejection before SDK admission",
    "request bounded",
    "request bounded",
    "request bounded",
    "request bounded",
    "private settings absent in payload",
    "no unknown protobuf fields",
    "private settings absent in payload",
    "no unknown protobuf fields",
    "private settings absent in payload",
    "private settings absent in payload",
    "request bounded",
    "request bounded",
    "request bounded",
    "request bounded",
    "request bounded",
    "request bounded",
    "request bounded",
    "request bounded",
    "request bounded",
    "request bounded",
    "request bounded",
    "request bounded",
    "request bounded",
    "request bounded",
    "request bounded",
    "request bounded",
    "request bounded",
    "request bounded",
    "request bounded",
    "private settings absent in payload",
    "private settings absent in payload",
    "private settings absent in payload",
    "private settings absent in payload",
    "private settings absent in payload",
    "private settings absent in payload",
    "private settings absent in payload",
    "private settings absent in payload",
    "private settings absent in payload",
    "private settings absent in payload",
    "private settings absent in payload",
    "private settings absent in payload",
    "private settings absent in payload",
    "no unknown protobuf fields",
    "private settings absent in payload",
    "no unknown protobuf fields",
    "private settings absent in payload",
    "no unknown protobuf fields",
    "private settings absent in payload",
    "no unknown protobuf fields",
    "private settings absent in payload",
    "no unknown protobuf fields",
    "private settings absent in payload",
    "no unknown protobuf fields",
    "private settings absent in payload",
    "retry root no parent",
    "full link flags preserved",
    "link remote bits preserved",
    "links contain no attributes/tracestate",
    "retry root no parent",
    "full link flags preserved",
    "link remote bits preserved",
    "links contain no attributes/tracestate",
    "retry root no parent",
    "full link flags preserved",
    "link remote bits preserved",
    "links contain no attributes/tracestate",
    "retry root no parent",
    "full link flags preserved",
    "link remote bits preserved",
    "links contain no attributes/tracestate",
    "retry root no parent",
    "full link flags preserved",
    "link remote bits preserved",
    "links contain no attributes/tracestate",
    "retry root no parent",
    "full link flags preserved",
    "link remote bits preserved",
    "links contain no attributes/tracestate",
    "metric occupied slot counts point drop",
    "request bounded",
    "request bounded",
    "request bounded",
    "request bounded",
    "request bounded",
    "request bounded",
    "request bounded",
    "request bounded",
    "request bounded",
    "request bounded",
    "request bounded",
    "private settings absent in payload",
    "no unknown protobuf fields",
    "private settings absent in payload",
    "private settings absent in payload",
    "private settings absent in payload",
    "private settings absent in payload",
    "private settings absent in payload",
    "private settings absent in payload",
    "private settings absent in payload",
    "private settings absent in payload",
    "private settings absent in payload",
    "private settings absent in payload",
    "no unknown protobuf fields",
    "counter exact name unit monotonic cumulative",
    "integer point no exemplars/histogram",
    "no duplicate attribute keys",
    "metric closed dimension names/types",
    "metric finite ordered time",
    "counter exact name unit monotonic cumulative",
    "integer point no exemplars/histogram",
    "no duplicate attribute keys",
    "metric closed dimension names/types",
    "metric finite ordered time",
    "cumulative measurement not reset on drop",
    "metric point accounting separate from values",
    "request bounded",
    "request bounded",
    "request bounded",
    "request bounded",
    "request bounded",
    "request bounded",
    "request bounded",
    "request bounded",
    "request bounded",
    "request bounded",
    "request bounded",
    "request bounded",
    "request bounded",
    "request bounded",
    "request bounded",
    "request bounded",
    "request bounded",
    "request bounded",
    "request bounded",
    "request bounded",
    "request bounded",
    "request bounded",
    "request bounded",
    "request bounded",
    "request bounded",
    "request bounded",
    "request bounded",
    "request bounded",
    "request bounded",
    "request bounded",
    "request bounded",
    "request bounded",
    "request bounded",
    "request bounded",
    "request bounded",
    "request bounded",
    "request bounded",
    "request bounded",
    "request bounded",
    "request bounded",
    "request bounded",
    "request bounded",
    "request bounded",
    "request bounded",
    "request bounded",
    "request bounded",
    "request bounded",
    "request bounded",
    "request bounded",
    "request bounded",
    "request bounded",
    "request bounded",
    "request bounded",
    "request bounded",
    "request bounded",
    "request bounded",
    "request bounded",
    "request bounded",
    "request bounded",
    "request bounded",
    "request bounded",
    "private settings absent in payload",
    "private settings absent in payload",
    "private settings absent in payload",
    "private settings absent in payload",
    "private settings absent in payload",
    "private settings absent in payload",
    "private settings absent in payload",
    "private settings absent in payload",
    "private settings absent in payload",
    "private settings absent in payload",
    "private settings absent in payload",
    "private settings absent in payload",
    "private settings absent in payload",
    "private settings absent in payload",
    "private settings absent in payload",
    "private settings absent in payload",
    "private settings absent in payload",
    "private settings absent in payload",
    "private settings absent in payload",
    "private settings absent in payload",
    "private settings absent in payload",
    "private settings absent in payload",
    "private settings absent in payload",
    "private settings absent in payload",
    "private settings absent in payload",
    "private settings absent in payload",
    "private settings absent in payload",
    "private settings absent in payload",
    "private settings absent in payload",
    "private settings absent in payload",
    "private settings absent in payload",
    "private settings absent in payload",
    "private settings absent in payload",
    "private settings absent in payload",
    "private settings absent in payload",
    "private settings absent in payload",
    "private settings absent in payload",
    "private settings absent in payload",
    "private settings absent in payload",
    "private settings absent in payload",
    "private settings absent in payload",
    "private settings absent in payload",
    "private settings absent in payload",
    "private settings absent in payload",
    "private settings absent in payload",
    "private settings absent in payload",
    "private settings absent in payload",
    "private settings absent in payload",
    "private settings absent in payload",
    "private settings absent in payload",
    "private settings absent in payload",
    "private settings absent in payload",
    "private settings absent in payload",
    "private settings absent in payload",
    "private settings absent in payload",
    "private settings absent in payload",
    "private settings absent in payload",
    "private settings absent in payload",
    "private settings absent in payload",
    "private settings absent in payload",
    "private settings absent in payload",
    "no unknown protobuf fields",
    "all20 bounded metric series exact Cartesian catalog",
    "all20 points integer one no exemplars",
    "all20 logical datapoints accounting",
    "private settings absent in payload",
    "private settings absent in payload",
    "private settings absent in payload",
    "private settings absent in payload",
    "private settings absent in payload",
    "private settings absent in payload",
    "private settings absent in payload",
    "private settings absent in payload",
    "private settings absent in payload",
    "private settings absent in payload",
    "private settings absent in payload",
    "private settings absent in payload",
    "private settings absent in payload",
    "private settings absent in payload",
    "private settings absent in payload",
    "private settings absent in payload",
    "private settings absent in payload",
    "private settings absent in payload",
    "private settings absent in payload",
    "private settings absent in payload",
    "private settings absent in payload",
    "private settings absent in payload",
    "private settings absent in payload",
    "private settings absent in payload",
    "private settings absent in payload",
    "private settings absent in payload",
    "private settings absent in payload",
    "private settings absent in payload",
    "private settings absent in payload",
    "private settings absent in payload",
    "private settings absent in payload",
    "private settings absent in payload",
    "private settings absent in payload",
    "private settings absent in payload",
    "private settings absent in payload",
    "private settings absent in payload",
    "private settings absent in payload",
    "private settings absent in payload",
    "private settings absent in payload",
    "private settings absent in payload",
    "private settings absent in payload",
    "no unknown protobuf fields",
    "private settings absent in payload",
    "no unknown protobuf fields",
    "private settings absent in payload",
    "no unknown protobuf fields",
    "private settings absent in payload",
    "no unknown protobuf fields",
    "private settings absent in payload",
    "no unknown protobuf fields",
    "private settings absent in payload",
    "no unknown protobuf fields",
    "private settings absent in payload",
    "no unknown protobuf fields",
    "private settings absent in payload",
    "no unknown protobuf fields",
    "private settings absent in payload",
    "no unknown protobuf fields",
    "private settings absent in payload",
    "no unknown protobuf fields",
    "private settings absent in payload",
    "no unknown protobuf fields",
    "private settings absent in payload",
    "no unknown protobuf fields",
    "private settings absent in payload",
    "no unknown protobuf fields",
    "private settings absent in payload",
    "no unknown protobuf fields",
    "private settings absent in payload",
    "no unknown protobuf fields",
    "private settings absent in payload",
    "no unknown protobuf fields",
    "private settings absent in payload",
    "no unknown protobuf fields",
    "private settings absent in payload",
    "no unknown protobuf fields",
    "private settings absent in payload",
    "no unknown protobuf fields",
    "private settings absent in payload",
    "no unknown protobuf fields",
    "private settings absent in payload",
    "no duplicate attribute keys",
    "all outcomes exact span names attributes status",
    "no duplicate attribute keys",
    "all outcomes exact span names attributes status",
    "no duplicate attribute keys",
    "all outcomes exact span names attributes status",
    "no duplicate attribute keys",
    "all outcomes exact span names attributes status",
    "no duplicate attribute keys",
    "all outcomes exact span names attributes status",
    "no duplicate attribute keys",
    "all outcomes exact span names attributes status",
    "no duplicate attribute keys",
    "all outcomes exact span names attributes status",
    "no duplicate attribute keys",
    "all outcomes exact span names attributes status",
    "no duplicate attribute keys",
    "all outcomes exact span names attributes status",
    "no duplicate attribute keys",
    "all outcomes exact span names attributes status",
    "no duplicate attribute keys",
    "all outcomes exact span names attributes status",
    "no duplicate attribute keys",
    "all outcomes exact span names attributes status",
    "no duplicate attribute keys",
    "all outcomes exact span names attributes status",
    "no duplicate attribute keys",
    "all outcomes exact span names attributes status",
    "no duplicate attribute keys",
    "all outcomes exact span names attributes status",
    "no duplicate attribute keys",
    "all outcomes exact span names attributes status",
    "no duplicate attribute keys",
    "all outcomes exact span names attributes status",
    "no duplicate attribute keys",
    "all outcomes exact span names attributes status",
    "no duplicate attribute keys",
    "all outcomes exact span names attributes status",
    "no duplicate attribute keys",
    "all outcomes exact span names attributes status",
    "reservation retained in send",
    "inflight newest dropped exact units",
    "no runtime stdout/stderr disclosure",
    "six explicit projection/input/accounting sections selected",
    "C D exact section bytes parse",
    "C D exact section bytes Settings",
    "C D exact section bytes Queue",
    "C D exact section bytes SDKWorker.__init__",
    "C D exact section bytes SDKWorker.context",
    "C D exact section bytes SDKWorker.emit",
    "inputs remained byte-identical"
  ],
  "observations": [
    {
      "absent_source_timestamp_omitted": true,
      "actual_flags": 3,
      "case": "exact_mapping",
      "log_flags": 3,
      "log_schema_attribute_present": true,
      "loss": {
        "logs": {
          "dropped": 0,
          "flush": "complete",
          "handed_off": 2,
          "submitted": 2,
          "unknown": false
        },
        "metrics": {
          "dropped": 0,
          "flush": "complete",
          "handed_off": 1,
          "submitted": 1,
          "unknown": false
        },
        "spans": {
          "dropped": 0,
          "flush": "complete",
          "handed_off": 1,
          "submitted": 1,
          "unknown": false
        }
      },
      "resource_schema_urls": [
        "https://opentelemetry.io/schemas/1.44.0",
        "https://opentelemetry.io/schemas/1.44.0",
        "https://opentelemetry.io/schemas/1.44.0"
      ],
      "span_attributes": {
        "ashlar.attempt.id": [
          "string_value",
          "bbbbbbbbbbbbbbbbbbbbbbbbbbbbbbbb"
        ],
        "ashlar.cleanup_failed": [
          "bool_value",
          true
        ],
        "ashlar.error.category": [
          "string_value",
          "internal"
        ],
        "ashlar.operation": [
          "string_value",
          "publication"
        ],
        "ashlar.outcome": [
          "string_value",
          "failed"
        ],
        "ashlar.run.id": [
          "string_value",
          "aaaaaaaaaaaaaaaaaaaaaaaaaaaaaaaa"
        ]
      },
      "span_flags": 259,
      "span_name": "ashlar.publication"
    },
    {
      "case": "untraced_event",
      "contract_valid": true,
      "worker_rejected": true
    },
    {
      "case": "retry_flags",
      "passed": true,
      "tested": [
        0,
        1,
        2,
        3,
        254,
        255
      ]
    },
    {
      "case": "metric_snapshot",
      "loss": {
        "dropped": 1,
        "flush": "complete",
        "handed_off": 2,
        "submitted": 3,
        "unknown": false
      },
      "values": [
        1,
        3
      ]
    },
    {
      "case": "all20_catalog_combinations",
      "metric_points": 20,
      "passed": true,
      "spans": 20
    }
  ]
}
