...................................................ashlar diagnostics incomplete
ashlar diagnostics incomplete
ashlar diagnostics incomplete
ashlar diagnostics incomplete
.Operation started
Operation finished
ashlar diagnostics incomplete
.Operation started
Operation phase observed
Operation finished
ashlar diagnostics incomplete
.Operation started
Operation finished
ashlar diagnostics incomplete
.ashlar diagnostics incomplete
.ashlar diagnostics incomplete
ashlar diagnostics incomplete
ashlar diagnostics incomplete
ashlar diagnostics incomplete
ashlar diagnostics incomplete
ashlar diagnostics incomplete
........................................
----------------------------------------------------------------------
Ran 96 tests in 3.257s

OK
