...................................................ashlar diagnostics incomplete
ashlar diagnostics incomplete
ashlar diagnostics incomplete
ashlar diagnostics incomplete
.Operation started
Operation finished
ashlar diagnostics incomplete
.Operation started
Operation phase observed
Operation finished
ashlar diagnostics incomplete
.Operation started
Operation finished
ashlar diagnostics incomplete
.ashlar diagnostics incomplete
.ashlar diagnostics incomplete
ashlar diagnostics incomplete
ashlar diagnostics incomplete
ashlar diagnostics incomplete
ashlar diagnostics incomplete
ashlar diagnostics incomplete
.........................................
----------------------------------------------------------------------
Ran 97 tests in 2.817s

OK
