test_active_span_trace_cannot_be_stripped (test_otel_worker.SDKWorkerTests.test_active_span_trace_cannot_be_stripped) ... ok
test_actual_sdk_logs_span_counter_and_low8_remote_flags (test_otel_worker.SDKWorkerTests.test_actual_sdk_logs_span_counter_and_low8_remote_flags) ... ok
test_actual_sdk_shutdown_preserves_primary_and_cleanup_only_cancellation (test_otel_worker.SDKWorkerTests.test_actual_sdk_shutdown_preserves_primary_and_cleanup_only_cancellation) ... ok
test_all20_series_cumulative_values_and_no_identity_dimensions (test_otel_worker.SDKWorkerTests.test_all20_series_cumulative_values_and_no_identity_dimensions) ... ok
test_ambient_settings_and_versions_refuse_before_providers (test_otel_worker.SDKWorkerTests.test_ambient_settings_and_versions_refuse_before_providers) ... ok
test_cumulative_snapshot_slot_drop_counts_points_not_measurements (test_otel_worker.SDKWorkerTests.test_cumulative_snapshot_slot_drop_counts_points_not_measurements) ... ok
test_diagnostic_collect_or_send_error_cannot_mask_first_cleanup_cancellation (test_otel_worker.SDKWorkerTests.test_diagnostic_collect_or_send_error_cannot_mask_first_cleanup_cancellation) ... ok
test_exact_c006_resource_log_timestamp_and_span_attribute_projection (test_otel_worker.SDKWorkerTests.test_exact_c006_resource_log_timestamp_and_span_attribute_projection) ... ok
test_http_response_caps_partial_redirect_cleanup_and_cancel (test_otel_worker.SDKWorkerTests.test_http_response_caps_partial_redirect_cleanup_and_cancel) ... ok
test_http_signal_routes_preserve_base_prefix (test_otel_worker.SDKWorkerTests.test_http_signal_routes_preserve_base_prefix) ... ok
test_locally_lost_start_context_does_not_invent_a_log_or_outcome (test_otel_worker.SDKWorkerTests.test_locally_lost_start_context_does_not_invent_a_log_or_outcome) ... ok
test_pending_spans_unknown_queue_drop_and_context_correspondence (test_otel_worker.SDKWorkerTests.test_pending_spans_unknown_queue_drop_and_context_correspondence) ... ok
test_retry_link_actual_context_no_simultaneous_parent_or_ambient (test_otel_worker.SDKWorkerTests.test_retry_link_actual_context_no_simultaneous_parent_or_ambient) ... ok
test_spanless_actual_sdk_logs_counter_and_immutable_selection (test_otel_worker.SDKWorkerTests.test_spanless_actual_sdk_logs_counter_and_immutable_selection) ... ok
test_spanless_constructor_cancellation_preserved_and_context_restored (test_otel_worker.SDKWorkerTests.test_spanless_constructor_cancellation_preserved_and_context_restored) ... ok
test_spanless_sdk_log_ignores_and_restores_valid_attached_context (test_otel_worker.SDKWorkerTests.test_spanless_sdk_log_ignores_and_restores_valid_attached_context) ... ok
test_transport_progress_precedes_io_and_completes_only_after_cleanup (test_otel_worker.SDKWorkerTests.test_transport_progress_precedes_io_and_completes_only_after_cleanup) ... ok
test_unfinished_spanless_attempt_has_no_invented_span_loss_or_counter (test_otel_worker.SDKWorkerTests.test_unfinished_spanless_attempt_has_no_invented_span_loss_or_counter) ... ok
test_byte_reservations_before_serialization_and_exact_units (test_otel_worker.WorkerProtocolTests.test_byte_reservations_before_serialization_and_exact_units) ... ok
test_cleanup_all_attempted_original_and_cleanup_only_identity (test_otel_worker.WorkerProtocolTests.test_cleanup_all_attempted_original_and_cleanup_only_identity) ... ok
test_frames_closed_bounded_duplicate_numeric_depth (test_otel_worker.WorkerProtocolTests.test_frames_closed_bounded_duplicate_numeric_depth) ... ok
test_protocol_refusal_and_primary_preserved_through_worker_cleanup (test_otel_worker.WorkerProtocolTests.test_protocol_refusal_and_primary_preserved_through_worker_cleanup) ... ok
test_settings_explicit_policy_and_no_secret_repr (test_otel_worker.WorkerProtocolTests.test_settings_explicit_policy_and_no_secret_repr) ... ok

----------------------------------------------------------------------
Ran 23 tests in 0.025s

OK
{"path": "/private/tmp/astra-spanless-worker-review-20261010-c.json", "bytes": 89908, "sha256": "a3563584d5a53a730137c5b74a9161da3e25ef0369ad9fd31d85c30e8835519d"}
