   Compiling ahash v0.8.12 (/private/tmp/weft-paths-native-c6fe2a6-20261010-a/source/vendor/ahash)
warning: unexpected `cfg` condition value: `128`
   --> /private/tmp/weft-paths-native-c6fe2a6-20261010-a/source/vendor/ahash/src/fallback_hash.rs:164:11
    |
164 |     #[cfg(target_pointer_width = "128")]
    |           ^^^^^^^^^^^^^^^^^^^^^^^^^^^^
    |
    = note: expected values for `target_pointer_width` are: `16`, `32`, and `64`
    = note: see <https://doc.rust-lang.org/nightly/rustc/check-cfg/cargo-specifics.html> for more information about checking conditional configuration
    = note: `#[warn(unexpected_cfgs)]` on by default

warning: unexpected `cfg` condition name: `fuzzing`
  --> /private/tmp/weft-paths-native-c6fe2a6-20261010-a/source/vendor/ahash/src/random_state.rs:48:58
   |
48 |     if #[cfg(all(feature = "compile-time-rng", any(test, fuzzing)))] {
   |                                                          ^^^^^^^
   |
   = help: expected names are: `docsrs`, `feature`, `folded_multiply`, `specialize`, and `test` and 31 more
   = help: consider using a Cargo feature instead
   = help: or consider adding in `Cargo.toml` the `check-cfg` lint config for the lint:
            [lints.rust]
            unexpected_cfgs = { level = "warn", check-cfg = ['cfg(fuzzing)'] }
   = help: or consider adding `println!("cargo::rustc-check-cfg=cfg(fuzzing)");` to the top of the `build.rs`
   = note: see <https://doc.rust-lang.org/nightly/rustc/check-cfg/cargo-specifics.html> for more information about checking conditional configuration

warning: unexpected `cfg` condition name: `fuzzing`
  --> /private/tmp/weft-paths-native-c6fe2a6-20261010-a/source/vendor/ahash/src/random_state.rs:68:54
   |
68 |     } else if #[cfg(all(feature = "runtime-rng", not(fuzzing)))] {
   |                                                      ^^^^^^^
   |
   = help: consider using a Cargo feature instead
   = help: or consider adding in `Cargo.toml` the `check-cfg` lint config for the lint:
            [lints.rust]
            unexpected_cfgs = { level = "warn", check-cfg = ['cfg(fuzzing)'] }
   = help: or consider adding `println!("cargo::rustc-check-cfg=cfg(fuzzing)");` to the top of the `build.rs`
   = note: see <https://doc.rust-lang.org/nightly/rustc/check-cfg/cargo-specifics.html> for more information about checking conditional configuration

warning: methods `read_u128x2`, `read_u128x4`, `read_last_u16`, `read_last_u128x2`, and `read_last_u128x4` are never used
  --> /private/tmp/weft-paths-native-c6fe2a6-20261010-a/source/vendor/ahash/src/convert.rs:69:8
   |
64 | pub(crate) trait ReadFromSlice {
   |                  ------------- methods in this trait
...
69 |     fn read_u128x2(&self) -> ([u128; 2], &[u8]);
   |        ^^^^^^^^^^^
70 |     fn read_u128x4(&self) -> ([u128; 4], &[u8]);
   |        ^^^^^^^^^^^
71 |     fn read_last_u16(&self) -> u16;
   |        ^^^^^^^^^^^^^
...
75 |     fn read_last_u128x2(&self) -> [u128; 2];
   |        ^^^^^^^^^^^^^^^^
76 |     fn read_last_u128x4(&self) -> [u128; 4];
   |        ^^^^^^^^^^^^^^^^
   |
   = note: `#[warn(dead_code)]` on by default

warning: `ahash` (lib) generated 4 warnings
   Compiling referencing v0.56.0
warning: `ahash` (lib) generated 4 warnings (4 duplicates)
   Compiling jsonschema-macros-core v0.56.0
   Compiling jsonschema-value v0.56.0
   Compiling jsonschema-macros v0.56.0
   Compiling jsonschema v0.56.0
   Compiling weft-core v0.1.0 (/private/tmp/weft-paths-native-c6fe2a6-20261010-a/source/crates/weft-core)
warning: unused import: `Identity`
 --> /private/tmp/weft-paths-native-c6fe2a6-20261010-a/source/crates/weft-core/src/application_scope.rs:8:18
  |
8 |     ir::{Family, Identity, LogicalType},
  |                  ^^^^^^^^
  |
  = note: `#[warn(unused_imports)]` on by default

warning: unused imports: `Column`, `Descriptor`, `LiteralKind`, `Literal`, `Name`, `Record`, `Shape`, and `exact`
 --> /private/tmp/weft-paths-native-c6fe2a6-20261010-a/source/crates/weft-core/src/application_resolve.rs:3:25
  |
3 |     application_model::{Descriptor, Shape},
  |                         ^^^^^^^^^^  ^^^^^
...
6 |     exact,
  |     ^^^^^
7 |     ir::{Family, Identity, LogicalType},
8 |     model::{Catalog, Record},
  |                      ^^^^^^
9 |     syntax::{Column, Literal, LiteralKind, Name},
  |              ^^^^^^  ^^^^^^^  ^^^^^^^^^^^  ^^^^

warning: struct `PlanSchema03` is never constructed
   --> /private/tmp/weft-paths-native-c6fe2a6-20261010-a/source/crates/weft-core/src/arithmetic_application_resolve.rs:799:8
    |
799 | struct PlanSchema03;
    |        ^^^^^^^^^^^^
    |
    = note: `#[warn(dead_code)]` on by default

warning: method `finish` is never used
   --> /private/tmp/weft-paths-native-c6fe2a6-20261010-a/source/crates/weft-core/src/syntax.rs:245:19
    |
208 | impl Parser {
    | ----------- method in this implementation
...
245 |     pub(crate) fn finish(&mut self) -> Result<()> {
    |                   ^^^^^^

warning: methods `terminal_record` and `terminal_key` are never used
   --> /private/tmp/weft-paths-native-c6fe2a6-20261010-a/source/crates/weft-core/src/path_ir.rs:113:12
    |
 48 | impl PathRead {
    | ------------- methods in this implementation
...
113 |     pub fn terminal_record(&self) -> &Identity {
    |            ^^^^^^^^^^^^^^^
...
116 |     pub fn terminal_key(&self) -> &AuthoredKey {
    |            ^^^^^^^^^^^^

warning: field `span` is never read
  --> /private/tmp/weft-paths-native-c6fe2a6-20261010-a/source/crates/weft-core/src/path_query.rs:23:9
   |
21 |     CountDistinctPathTargets {
   |     ------------------------ field in this variant
22 |         alias: Name,
23 |         span: Span,
   |         ^^^^
   |
   = note: `Output` has derived impls for the traits `Clone` and `Debug`, but these are intentionally ignored during dead code analysis

warning: `weft-core` (lib) generated 6 warnings (run `cargo fix --lib -p weft-core` to apply 2 suggestions)
   Compiling weft-databricks v0.1.0 (/private/tmp/weft-paths-native-c6fe2a6-20261010-a/source/crates/weft-databricks)
   Compiling weft-paths-source-metadata v0.0.0 (/private/tmp/ashlar-paths-backend-metadata-20261010-a/probe)
    Finished `release` profile [optimized] target(s) in 1m 10s
     Running `/private/tmp/ashlar-weft-distribution-d2d/target/release/weft-paths-source-metadata`
