WARNING: Using incubator modules: jdk.incubator.vector
26/10/11 00:30:40 WARN NativeCodeLoader: Unable to load native-hadoop library for your platform... using builtin-java classes where applicable
Using Spark's default log4j profile: org/apache/spark/log4j2-defaults.properties
Setting default log level to "WARN".
To adjust logging level use sc.setLogLevel(newLevel). For SparkR, use setLogLevel(newLevel).
26/10/11 00:30:44 WARN SparkStringUtils: Truncated the string representation of a plan since it was too large. This behavior can be adjusted by setting 'spark.sql.debug.maxToStringFields'.
Traceback (most recent call last):
  File "/private/tmp/ashlar-finite-pack-native-probe-20261010-a.py", line 17, in <module>
    result=publish_finite_pack_native(config)
           ^^^^^^^^^^^^^^^^^^^^^^^^^^^^^^^^^^
  File "/private/tmp/ashlar-finite-pack-native-20261010-a-source/src/ashlar_host/finite_native.py", line 116, in publish_finite_pack_native
    for chunk in json.JSONEncoder(separators=(',',':'),ensure_ascii=True).iterencode(result):
  File "/Users/erik/.local/share/uv/python/cpython-3.11.17-macos-aarch64-none/lib/python3.11/json/encoder.py", line 432, in _iterencode
    yield from _iterencode_dict(o, _current_indent_level)
  File "/Users/erik/.local/share/uv/python/cpython-3.11.17-macos-aarch64-none/lib/python3.11/json/encoder.py", line 406, in _iterencode_dict
    yield from chunks
  File "/Users/erik/.local/share/uv/python/cpython-3.11.17-macos-aarch64-none/lib/python3.11/json/encoder.py", line 406, in _iterencode_dict
    yield from chunks
  File "/Users/erik/.local/share/uv/python/cpython-3.11.17-macos-aarch64-none/lib/python3.11/json/encoder.py", line 326, in _iterencode_list
    yield from chunks
  File "/Users/erik/.local/share/uv/python/cpython-3.11.17-macos-aarch64-none/lib/python3.11/json/encoder.py", line 406, in _iterencode_dict
    yield from chunks
  File "/Users/erik/.local/share/uv/python/cpython-3.11.17-macos-aarch64-none/lib/python3.11/json/encoder.py", line 439, in _iterencode
    o = _default(o)
        ^^^^^^^^^^^
  File "/Users/erik/.local/share/uv/python/cpython-3.11.17-macos-aarch64-none/lib/python3.11/json/encoder.py", line 180, in default
    raise TypeError(f'Object of type {o.__class__.__name__} '
TypeError: Object of type datetime is not JSON serializable
