..ashlar diagnostics incomplete
ashlar diagnostics incomplete
ashlar diagnostics incomplete
ashlar diagnostics incomplete
.Operation started
Operation finished
ashlar diagnostics incomplete
.Operation started
Operation phase observed
Operation finished
ashlar diagnostics incomplete
.Operation started
Operation finished
ashlar diagnostics incomplete
.ashlar diagnostics incomplete
.ashlar diagnostics incomplete
ashlar diagnostics incomplete
ashlar diagnostics incomplete
ashlar diagnostics incomplete
..
----------------------------------------------------------------------
Ran 9 tests in 0.064s

OK
