test_cleanup_first_nonexception_matrix (__main__.OwnerSeamControls.test_cleanup_first_nonexception_matrix) ... ok
test_constructor_owned_cleanup_receipt_and_context_sanitization (__main__.OwnerSeamControls.test_constructor_owned_cleanup_receipt_and_context_sanitization) ... ok
test_proven_absent_group_and_uncertain_group_are_distinct (__main__.OwnerSeamControls.test_proven_absent_group_and_uncertain_group_are_distinct) ... ok
test_public_disposition_closed_bool_properties (__main__.OwnerSeamControls.test_public_disposition_closed_bool_properties) ... ok
test_real_fake_child_init_protocol_matrix (__main__.OwnerSeamControls.test_real_fake_child_init_protocol_matrix) ... ok
test_actual_clean_worker_exchange_and_reaping (test_otel_supervision.SupervisionTests.test_actual_clean_worker_exchange_and_reaping) ... ok
test_blocked_response_is_killed_reaped_with_fixed_error (test_otel_supervision.SupervisionTests.test_blocked_response_is_killed_reaped_with_fixed_error) ... ok
test_busy_port_refuses_without_queue_or_interleaved_frames (test_otel_supervision.SupervisionTests.test_busy_port_refuses_without_queue_or_interleaved_frames) ... ok
test_cleanup_cancellation_survives_ordinary_diagnostic_failure (test_otel_supervision.SupervisionTests.test_cleanup_cancellation_survives_ordinary_diagnostic_failure) ... ok
test_cleanup_receipt_requires_pipes_reap_and_lock (test_otel_supervision.SupervisionTests.test_cleanup_receipt_requires_pipes_reap_and_lock) ... ok
test_concurrent_cleanup_cannot_reap_before_group_action (test_otel_supervision.SupervisionTests.test_concurrent_cleanup_cannot_reap_before_group_action) ... ok
test_disabled_path_has_no_discovery_or_process (test_otel_supervision.SupervisionTests.test_disabled_path_has_no_discovery_or_process) ... ok
test_explicit_sdk_parent_is_sent_only_when_attempt_starts (test_otel_supervision.SupervisionTests.test_explicit_sdk_parent_is_sent_only_when_attempt_starts) ... ok
test_failed_group_termination_cannot_become_positive_on_second_disposal (test_otel_supervision.SupervisionTests.test_failed_group_termination_cannot_become_positive_on_second_disposal) ... ok
test_group_cleanup_precedes_reaping_and_is_one_shot (test_otel_supervision.SupervisionTests.test_group_cleanup_precedes_reaping_and_is_one_shot) ... ok
test_interleaved_async_operation_bindings_are_isolated_and_restored (test_otel_supervision.SupervisionTests.test_interleaved_async_operation_bindings_are_isolated_and_restored) ... ok
test_missing_duplicate_or_false_admission_cannot_construct_run (test_otel_supervision.SupervisionTests.test_missing_duplicate_or_false_admission_cannot_construct_run) ... ok
test_original_cancellation_survives_cleanup_error (test_otel_supervision.SupervisionTests.test_original_cancellation_survives_cleanup_error) ... ok
test_per_request_progress_bounds_blocked_close_before_total_deadline (test_otel_supervision.SupervisionTests.test_per_request_progress_bounds_blocked_close_before_total_deadline) ... ok
test_progress_completion_restores_shared_close_budget (test_otel_supervision.SupervisionTests.test_progress_completion_restores_shared_close_budget) ... ok
test_selector_cleanup_preserves_original_cancellation (test_otel_supervision.SupervisionTests.test_selector_cleanup_preserves_original_cancellation) ... ok
test_span_selection_exact_boolean_nested_restored_and_start_only (test_otel_supervision.SupervisionTests.test_span_selection_exact_boolean_nested_restored_and_start_only) ... ok
test_startup_admission_refusal_and_post_admission_failure_are_distinct (test_otel_supervision.SupervisionTests.test_startup_admission_refusal_and_post_admission_failure_are_distinct) ... ok

----------------------------------------------------------------------
Ran 23 tests in 0.737s

OK
