
Received error message '{'requestId': '6f531b2c-414d-4bd0-b32a-a89e6c3830f0', 'status': {'message': '[DAE-05] Data access execution failed: Memory of process exceed limit. Pipeline Backend: b042fec62378, fragment: 01a1232e-3592-7ae8-93b0-d3636260f301 Used: 859299136, Limit: 858783744. Mem usage has exceed the limit of DataAccess compute (node 10001)', 'code': 597, 'attributes': {'stackTrace': 'com.puppygraph.puppygraph.engine.error.DataAccessException: [DAE-05] Data access execution failed: Memory of process exceed limit. Pipeline Backend: b042fec62378, fragment: 01a1232e-3592-7ae8-93b0-d3636260f301 Used: 859299136, Limit: 858783744. Mem usage has exceed the limit of DataAccess compute (node 10001)\n\tat com.puppygraph.puppygraph.engine.error.DataAccessException.logAndRethrow(DataAccessException.java:609)\n\tat com.puppygraph.puppygraph.engine.error.DataAccessException.logAndRethrow(DataAccessException.java:600)\n\tat com.puppygraph.puppygraph.engine.error.DataAccessException.logAndRethrowWithCode(DataAccessException.java:633)\n\tat com.puppygraph.puppygraph.engine.error.DataAccessException.classifyAndRethrow(DataAccessException.java:651)\n\tat com.puppygraph.puppygraph.engine.error.DataAccessException.classifyAndRethrow(DataAccessException.java:677)\n\tat com.puppygraph.puppygraph.engine.executor.DataTraverserIterator.init(DataTraverserIterator.java:179)\n\tat com.puppygraph.puppygraph.engine.executor.ChainedDataTraverserIterator.<init>(ChainedDataTraverserIterator.java:31)\n\tat com.puppygraph.puppygraph.engine.executor.ChainedDataTraverserIterator.of(ChainedDataTraverserIterator.java:48)\n\tat com.puppygraph.puppygraph.engine.step.PuppyEngineVertexStep.executeTraverserComposedQueries(PuppyEngineVertexStep.java:411)\n\tat com.puppygraph.puppygraph.engine.step.PuppyEngineVertexStep.executeStep(PuppyEngineVertexStep.java:386)\n\tat com.puppygraph.puppygraph.engine.step.PuppyEngineVertexStep.processNextStart(PuppyEngineVertexStep.java:121)\n\tat org.apache.tinkerpop.gremlin.process.traversal.step.util.AbstractStep.hasNext(AbstractStep.java:155)\n\tat org.apache.tinkerpop.gremlin.process.traversal.step.util.ExpandableStepIterator.next(ExpandableStepIterator.java:55)\n\tat org.apache.tinkerpop.gremlin.process.traversal.step.map.ScalarMapStep.processNextStart(ScalarMapStep.java:39)\n\tat org.apache.tinkerpop.gremlin.process.traversal.step.util.AbstractStep.hasNext(AbstractStep.java:155)\n\tat org.apache.tinkerpop.gremlin.process.traversal.util.DefaultTraversal.hasNext(DefaultTraversal.java:192)\n\tat org.apache.tinkerpop.gremlin.process.traversal.util.TraversalUtil.produce(TraversalUtil.java:110)\n\tat org.apache.tinkerpop.gremlin.process.traversal.step.map.ProjectStep.map(ProjectStep.java:66)\n\tat org.apache.tinkerpop.gremlin.process.traversal.step.map.ProjectStep.map(ProjectStep.java:42)\n\tat org.apache.tinkerpop.gremlin.process.traversal.step.map.ScalarMapStep.processNextStart(ScalarMapStep.java:40)\n\tat org.apache.tinkerpop.gremlin.process.traversal.step.util.AbstractStep.hasNext(AbstractStep.java:155)\n\tat org.apache.tinkerpop.gremlin.process.traversal.step.util.ExpandableStepIterator.next(ExpandableStepIterator.java:55)\n\tat org.apache.tinkerpop.gremlin.process.traversal.step.map.ScalarMapStep.processNextStart(ScalarMapStep.java:39)\n\tat org.apache.tinkerpop.gremlin.process.traversal.step.util.AbstractStep.hasNext(AbstractStep.java:155)\n\tat org.apache.tinkerpop.gremlin.process.traversal.util.DefaultTraversal.hasNext(DefaultTraversal.java:192)\n\tat org.apache.tinkerpop.gremlin.server.op.AbstractOpProcessor.handleIterator(AbstractOpProcessor.java:160)\n\tat com.puppygraph.puppygraph.server.PuppyStandardOpProcessor.handleIterator(PuppyStandardOpProcessor.java:106)\n\tat org.apache.tinkerpop.gremlin.server.op.AbstractEvalOpProcessor.lambda$evalOpInternal$6(AbstractEvalOpProcessor.java:267)\n\tat org.apache.tinkerpop.gremlin.groovy.engine.GremlinExecutor.lambda$eval$0(GremlinExecutor.java:337)\n\tat java.base/java.util.concurrent.FutureTask.run(FutureTask.java:264)\n\tat java.base/java.util.concurrent.Executors$RunnableAdapter.call(Executors.java:539)\n\tat java.base/java.util.concurrent.FutureTask.run(FutureTask.java:264)\n\tat java.base/java.util.concurrent.ThreadPoolExecutor.runWorker(ThreadPoolExecutor.java:1136)\n\tat java.base/java.util.concurrent.ThreadPoolExecutor$Worker.run(ThreadPoolExecutor.java:635)\n\tat java.base/java.lang.Thread.run(Thread.java:840)\n', 'exceptions': ['com.puppygraph.puppygraph.engine.error.DataAccessException']}}, 'result': {'data': None, 'meta': {}}}'

With results dictionary '{'6f531b2c-414d-4bd0-b32a-a89e6c3830f0': <gremlin_python.driver.resultset.ResultSet object at 0x108b9e3a0>}'
Traceback (most recent call last):
  File "/Users/erik/Projects/ashlar/tools/check_pack_scenario_puppygraph.py", line 262, in <module>
    result=check(prepared,a.language,a.endpoint,model,databases,os.environ['ASHLAR_PUPPY_USER'],os.environ['ASHLAR_PUPPY_PASSWORD'],watcher)
  File "/Users/erik/Projects/ashlar/tools/check_pack_scenario_puppygraph.py", line 189, in check
    try:result=held(prepared,language,lambda s,b:remote.submit(s,bindings=b).all().result(timeout=20),observe,source_observe)
  File "/Users/erik/Projects/ashlar/tools/check_pack_scenario_puppygraph.py", line 158, in held
    profile=report['profile'];carriers={k:carrier_check(profile,k,language,query)for k in ('node','edge')}
  File "/Users/erik/Projects/ashlar/tools/check_pack_scenario_puppygraph.py", line 158, in <dictcomp>
    profile=report['profile'];carriers={k:carrier_check(profile,k,language,query)for k in ('node','edge')}
  File "/Users/erik/Projects/ashlar/tools/check_pack_scenario_puppygraph.py", line 140, in carrier_check
    script,expected,names,label=raw_projection(profile,kind,language);raw=query(script,{})
  File "/Users/erik/Projects/ashlar/tools/check_pack_scenario_puppygraph.py", line 189, in <lambda>
    try:result=held(prepared,language,lambda s,b:remote.submit(s,bindings=b).all().result(timeout=20),observe,source_observe)
  File "/Library/Developer/CommandLineTools/Library/Frameworks/Python3.framework/Versions/3.9/lib/python3.9/concurrent/futures/_base.py", line 445, in result
    return self.__get_result()
  File "/Library/Developer/CommandLineTools/Library/Frameworks/Python3.framework/Versions/3.9/lib/python3.9/concurrent/futures/_base.py", line 390, in __get_result
    raise self._exception
  File "/private/tmp/ashlar-gremlin-python/gremlin_python/driver/resultset.py", line 90, in cb
    f.result()
  File "/Library/Developer/CommandLineTools/Library/Frameworks/Python3.framework/Versions/3.9/lib/python3.9/concurrent/futures/_base.py", line 438, in result
    return self.__get_result()
  File "/Library/Developer/CommandLineTools/Library/Frameworks/Python3.framework/Versions/3.9/lib/python3.9/concurrent/futures/_base.py", line 390, in __get_result
    raise self._exception
  File "/Library/Developer/CommandLineTools/Library/Frameworks/Python3.framework/Versions/3.9/lib/python3.9/concurrent/futures/thread.py", line 52, in run
    result = self.fn(*self.args, **self.kwargs)
  File "/private/tmp/ashlar-gremlin-python/gremlin_python/driver/connection.py", line 90, in _receive
    status_code = self._protocol.data_received(data, self._results)
  File "/private/tmp/ashlar-gremlin-python/gremlin_python/driver/protocol.py", line 140, in data_received
    raise GremlinServerError(message['status'])
gremlin_python.driver.protocol.GremlinServerError: 597: [DAE-05] Data access execution failed: Memory of process exceed limit. Pipeline Backend: b042fec62378, fragment: 01a1232e-3592-7ae8-93b0-d3636260f301 Used: 859299136, Limit: 858783744. Mem usage has exceed the limit of DataAccess compute (node 10001)
